<?xml version="1.0" encoding="UTF-8"?>
<TestRun id="90582aa1-f40a-4963-90db-811d3e4e93ae" name="jjw21@FSTU603021 2015-01-06 10:00:14" runUser="PTI_DOMAIN\jjw21" xmlns="http://microsoft.com/schemas/VisualStudio/TeamTest/2010">
  <TestSettings name="Local" id="0ce4526c-c98a-4aba-a822-0d3bbdb33cda">
    <Description>These are default test settings for a local test run.</Description>
    <Deployment enabled="false" runDeploymentRoot="jjw21_FSTU603021 2015-01-06 10_00_14">
      <DeploymentItem filename="D:\GourmetCoffee\GourmetCoffee\bin\Debug\GourmetCoffee.dll" />
    </Deployment>
    <Execution>
      <TestTypeSpecific />
      <AgentRule name="Execution Agents">
      </AgentRule>
    </Execution>
  </TestSettings>
  <Times creation="2015-01-06T10:00:14.3015154-05:00" queuing="2015-01-06T10:00:14.3171154-05:00" start="2015-01-06T10:00:14.3327154-05:00" finish="2015-01-06T10:00:14.5043154-05:00" />
  <ResultSummary outcome="Failed">
    <Counters total="8" executed="8" passed="7" error="0" failed="1" timeout="0" aborted="0" inconclusive="0" passedButRunAborted="0" notRunnable="0" notExecuted="0" disconnected="0" warning="0" completed="0" inProgress="0" pending="0" />
  </ResultSummary>
  <TestDefinitions>
    <UnitTest name="TestGetProduct" storage="d:\gourmetcoffee\gourmetcoffeetest\bin\debug\gourmetcoffeetest.dll" id="257ba677-d173-c863-43e9-38e72359c959">
      <Execution id="1e0cf58f-8d23-4594-b4db-cd3d740b01ae" />
      <TestMethod codeBase="D:/GourmetCoffee/GourmetCoffeeTest/bin/Debug/GourmetCoffeeTest.DLL" adapterTypeName="Microsoft.VisualStudio.TestTools.TestTypes.Unit.UnitTestAdapter, Microsoft.VisualStudio.QualityTools.Tips.UnitTest.Adapter, Version=10.0.0.0, Culture=neutral, PublicKeyToken=b03f5f7f11d50a3a" className="GourmetCoffeeTest.CatalogTest, GourmetCoffeeTest, Version=1.0.0.0, Culture=neutral, PublicKeyToken=null" name="TestGetProduct" />
    </UnitTest>
    <UnitTest name="TestToString" storage="d:\gourmetcoffee\gourmetcoffeetest\bin\debug\gourmetcoffeetest.dll" id="e4dbda89-c43a-6d3b-0253-f3f6ccb78190">
      <Execution id="acdb1e8f-61ff-43a6-ad7a-8a4f6c3a8f24" />
      <TestMethod codeBase="D:/GourmetCoffee/GourmetCoffeeTest/bin/Debug/GourmetCoffeeTest.DLL" adapterTypeName="Microsoft.VisualStudio.TestTools.TestTypes.Unit.UnitTestAdapter, Microsoft.VisualStudio.QualityTools.Tips.UnitTest.Adapter, Version=10.0.0.0, Culture=neutral, PublicKeyToken=b03f5f7f11d50a3a" className="GourmetCoffeeTest.CoffeeTest, GourmetCoffeeTest, Version=1.0.0.0, Culture=neutral, PublicKeyToken=null" name="TestToString" />
    </UnitTest>
    <UnitTest name="TestEquals" storage="d:\gourmetcoffee\gourmetcoffeetest\bin\debug\gourmetcoffeetest.dll" id="3faca04a-dabe-29e5-c10d-ddbac2c99f00">
      <Execution id="5b28fd6d-2cf3-404e-864a-077512828cf7" />
      <TestMethod codeBase="D:/GourmetCoffee/GourmetCoffeeTest/bin/Debug/GourmetCoffeeTest.DLL" adapterTypeName="Microsoft.VisualStudio.TestTools.TestTypes.Unit.UnitTestAdapter, Microsoft.VisualStudio.QualityTools.Tips.UnitTest.Adapter, Version=10.0.0.0, Culture=neutral, PublicKeyToken=b03f5f7f11d50a3a" className="GourmetCoffeeTest.ProductTest, GourmetCoffeeTest, Version=1.0.0.0, Culture=neutral, PublicKeyToken=null" name="TestEquals" />
    </UnitTest>
    <UnitTest name="TestProperties" storage="d:\gourmetcoffee\gourmetcoffeetest\bin\debug\gourmetcoffeetest.dll" id="d057f2b3-9116-63b7-e7b0-3a54dd64f730">
      <Execution id="54cedbc8-8665-4507-92a0-266b9f86619d" />
      <TestMethod codeBase="D:/GourmetCoffee/GourmetCoffeeTest/bin/Debug/GourmetCoffeeTest.DLL" adapterTypeName="Microsoft.VisualStudio.TestTools.TestTypes.Unit.UnitTestAdapter, Microsoft.VisualStudio.QualityTools.Tips.UnitTest.Adapter, Version=10.0.0.0, Culture=neutral, PublicKeyToken=b03f5f7f11d50a3a" className="GourmetCoffeeTest.CoffeeTest, GourmetCoffeeTest, Version=1.0.0.0, Culture=neutral, PublicKeyToken=null" name="TestProperties" />
    </UnitTest>
    <UnitTest name="TestProperties" storage="d:\gourmetcoffee\gourmetcoffeetest\bin\debug\gourmetcoffeetest.dll" id="4611bb0f-24a5-e25d-23a9-aeb007046123">
      <Execution id="9a336df5-dfb0-4579-8c52-fc1d37a02c7d" />
      <TestMethod codeBase="D:/GourmetCoffee/GourmetCoffeeTest/bin/Debug/GourmetCoffeeTest.DLL" adapterTypeName="Microsoft.VisualStudio.TestTools.TestTypes.Unit.UnitTestAdapter, Microsoft.VisualStudio.QualityTools.Tips.UnitTest.Adapter, Version=10.0.0.0, Culture=neutral, PublicKeyToken=b03f5f7f11d50a3a" className="GourmetCoffeeTest.ProductTest, GourmetCoffeeTest, Version=1.0.0.0, Culture=neutral, PublicKeyToken=null" name="TestProperties" />
    </UnitTest>
    <UnitTest name="TestAddProduct" storage="d:\gourmetcoffee\gourmetcoffeetest\bin\debug\gourmetcoffeetest.dll" id="41c4145d-52f2-c183-c021-845c1852be99">
      <Execution id="0a9c5e8d-69b4-43fd-904a-9e362fa34e97" />
      <TestMethod codeBase="D:/GourmetCoffee/GourmetCoffeeTest/bin/Debug/GourmetCoffeeTest.DLL" adapterTypeName="Microsoft.VisualStudio.TestTools.TestTypes.Unit.UnitTestAdapter, Microsoft.VisualStudio.QualityTools.Tips.UnitTest.Adapter, Version=10.0.0.0, Culture=neutral, PublicKeyToken=b03f5f7f11d50a3a" className="GourmetCoffeeTest.CatalogTest, GourmetCoffeeTest, Version=1.0.0.0, Culture=neutral, PublicKeyToken=null" name="TestAddProduct" />
    </UnitTest>
    <UnitTest name="TestMethod1" storage="d:\gourmetcoffee\gourmetcoffeetest\bin\debug\gourmetcoffeetest.dll" id="39799c5a-9433-5377-8e31-d2a067186b7a">
      <Execution id="5d9615fc-ba40-4c51-92e6-d33a56fe98ef" />
      <TestMethod codeBase="D:/GourmetCoffee/GourmetCoffeeTest/bin/Debug/GourmetCoffeeTest.DLL" adapterTypeName="Microsoft.VisualStudio.TestTools.TestTypes.Unit.UnitTestAdapter, Microsoft.VisualStudio.QualityTools.Tips.UnitTest.Adapter, Version=10.0.0.0, Culture=neutral, PublicKeyToken=b03f5f7f11d50a3a" className="GourmetCoffeeTest.CoffeeBrewerTest, GourmetCoffeeTest, Version=1.0.0.0, Culture=neutral, PublicKeyToken=null" name="TestMethod1" />
    </UnitTest>
    <UnitTest name="TestToString" storage="d:\gourmetcoffee\gourmetcoffeetest\bin\debug\gourmetcoffeetest.dll" id="ba99785b-d2ea-9d44-19d0-7ec351628353">
      <Execution id="521fcd3f-5055-44ca-bbf5-c39d496da742" />
      <TestMethod codeBase="D:/GourmetCoffee/GourmetCoffeeTest/bin/Debug/GourmetCoffeeTest.DLL" adapterTypeName="Microsoft.VisualStudio.TestTools.TestTypes.Unit.UnitTestAdapter, Microsoft.VisualStudio.QualityTools.Tips.UnitTest.Adapter, Version=10.0.0.0, Culture=neutral, PublicKeyToken=b03f5f7f11d50a3a" className="GourmetCoffeeTest.ProductTest, GourmetCoffeeTest, Version=1.0.0.0, Culture=neutral, PublicKeyToken=null" name="TestToString" />
    </UnitTest>
  </TestDefinitions>
  <TestLists>
    <TestList name="Results Not in a List" id="8c84fa94-04c1-424b-9868-57a2d4851a1d" />
    <TestList name="All Loaded Results" id="19431567-8539-422a-85d7-44ee4e166bda" />
  </TestLists>
  <TestEntries>
    <TestEntry testId="257ba677-d173-c863-43e9-38e72359c959" executionId="1e0cf58f-8d23-4594-b4db-cd3d740b01ae" testListId="8c84fa94-04c1-424b-9868-57a2d4851a1d" />
    <TestEntry testId="39799c5a-9433-5377-8e31-d2a067186b7a" executionId="5d9615fc-ba40-4c51-92e6-d33a56fe98ef" testListId="8c84fa94-04c1-424b-9868-57a2d4851a1d" />
    <TestEntry testId="3faca04a-dabe-29e5-c10d-ddbac2c99f00" executionId="5b28fd6d-2cf3-404e-864a-077512828cf7" testListId="8c84fa94-04c1-424b-9868-57a2d4851a1d" />
    <TestEntry testId="41c4145d-52f2-c183-c021-845c1852be99" executionId="0a9c5e8d-69b4-43fd-904a-9e362fa34e97" testListId="8c84fa94-04c1-424b-9868-57a2d4851a1d" />
    <TestEntry testId="4611bb0f-24a5-e25d-23a9-aeb007046123" executionId="9a336df5-dfb0-4579-8c52-fc1d37a02c7d" testListId="8c84fa94-04c1-424b-9868-57a2d4851a1d" />
    <TestEntry testId="ba99785b-d2ea-9d44-19d0-7ec351628353" executionId="521fcd3f-5055-44ca-bbf5-c39d496da742" testListId="8c84fa94-04c1-424b-9868-57a2d4851a1d" />
    <TestEntry testId="d057f2b3-9116-63b7-e7b0-3a54dd64f730" executionId="54cedbc8-8665-4507-92a0-266b9f86619d" testListId="8c84fa94-04c1-424b-9868-57a2d4851a1d" />
    <TestEntry testId="e4dbda89-c43a-6d3b-0253-f3f6ccb78190" executionId="acdb1e8f-61ff-43a6-ad7a-8a4f6c3a8f24" testListId="8c84fa94-04c1-424b-9868-57a2d4851a1d" />
  </TestEntries>
  <Results>
    <UnitTestResult executionId="1e0cf58f-8d23-4594-b4db-cd3d740b01ae" testId="257ba677-d173-c863-43e9-38e72359c959" testName="TestGetProduct" computerName="FSTU603021" duration="00:00:00.0238181" startTime="2015-01-06T10:00:14.3327154-05:00" endTime="2015-01-06T10:00:14.4731154-05:00" testType="13cdc9d9-ddb5-4fa4-a97d-d965ccfc6d4b" outcome="Failed" testListId="8c84fa94-04c1-424b-9868-57a2d4851a1d" relativeResultsDirectory="1e0cf58f-8d23-4594-b4db-cd3d740b01ae">
      <Output>
        <ErrorInfo>
          <Message>Test method GourmetCoffeeTest.CatalogTest.TestGetProduct threw exception: 
System.NullReferenceException: Object reference not set to an instance of an object.</Message>
          <StackTrace>    at GourmetCoffee.Product.Equals(Object obj) in D:\GourmetCoffee\GourmetCoffee\Product.cs:line 25
   at GourmetCoffeeTest.CatalogTest.TestGetProduct() in D:\GourmetCoffee\GourmetCoffeeTest\CatalogTest.cs:line 65
</StackTrace>
        </ErrorInfo>
      </Output>
    </UnitTestResult>
    <UnitTestResult executionId="5d9615fc-ba40-4c51-92e6-d33a56fe98ef" testId="39799c5a-9433-5377-8e31-d2a067186b7a" testName="TestMethod1" computerName="FSTU603021" duration="00:00:00.0001966" startTime="2015-01-06T10:00:14.4731154-05:00" endTime="2015-01-06T10:00:14.4731154-05:00" testType="13cdc9d9-ddb5-4fa4-a97d-d965ccfc6d4b" outcome="Passed" testListId="8c84fa94-04c1-424b-9868-57a2d4851a1d" relativeResultsDirectory="5d9615fc-ba40-4c51-92e6-d33a56fe98ef">
    </UnitTestResult>
    <UnitTestResult executionId="5b28fd6d-2cf3-404e-864a-077512828cf7" testId="3faca04a-dabe-29e5-c10d-ddbac2c99f00" testName="TestEquals" computerName="FSTU603021" duration="00:00:00.0002926" startTime="2015-01-06T10:00:14.4731154-05:00" endTime="2015-01-06T10:00:14.4731154-05:00" testType="13cdc9d9-ddb5-4fa4-a97d-d965ccfc6d4b" outcome="Passed" testListId="8c84fa94-04c1-424b-9868-57a2d4851a1d" relativeResultsDirectory="5b28fd6d-2cf3-404e-864a-077512828cf7">
    </UnitTestResult>
    <UnitTestResult executionId="0a9c5e8d-69b4-43fd-904a-9e362fa34e97" testId="41c4145d-52f2-c183-c021-845c1852be99" testName="TestAddProduct" computerName="FSTU603021" duration="00:00:00.0004221" startTime="2015-01-06T10:00:14.4731154-05:00" endTime="2015-01-06T10:00:14.4731154-05:00" testType="13cdc9d9-ddb5-4fa4-a97d-d965ccfc6d4b" outcome="Passed" testListId="8c84fa94-04c1-424b-9868-57a2d4851a1d" relativeResultsDirectory="0a9c5e8d-69b4-43fd-904a-9e362fa34e97">
    </UnitTestResult>
    <UnitTestResult executionId="9a336df5-dfb0-4579-8c52-fc1d37a02c7d" testId="4611bb0f-24a5-e25d-23a9-aeb007046123" testName="TestProperties" computerName="FSTU603021" duration="00:00:00.0002999" startTime="2015-01-06T10:00:14.4731154-05:00" endTime="2015-01-06T10:00:14.4731154-05:00" testType="13cdc9d9-ddb5-4fa4-a97d-d965ccfc6d4b" outcome="Passed" testListId="8c84fa94-04c1-424b-9868-57a2d4851a1d" relativeResultsDirectory="9a336df5-dfb0-4579-8c52-fc1d37a02c7d">
    </UnitTestResult>
    <UnitTestResult executionId="521fcd3f-5055-44ca-bbf5-c39d496da742" testId="ba99785b-d2ea-9d44-19d0-7ec351628353" testName="TestToString" computerName="FSTU603021" duration="00:00:00.0003476" startTime="2015-01-06T10:00:14.4731154-05:00" endTime="2015-01-06T10:00:14.4731154-05:00" testType="13cdc9d9-ddb5-4fa4-a97d-d965ccfc6d4b" outcome="Passed" testListId="8c84fa94-04c1-424b-9868-57a2d4851a1d" relativeResultsDirectory="521fcd3f-5055-44ca-bbf5-c39d496da742">
    </UnitTestResult>
    <UnitTestResult executionId="54cedbc8-8665-4507-92a0-266b9f86619d" testId="d057f2b3-9116-63b7-e7b0-3a54dd64f730" testName="TestProperties" computerName="FSTU603021" duration="00:00:00.0010733" startTime="2015-01-06T10:00:14.4731154-05:00" endTime="2015-01-06T10:00:14.4887154-05:00" testType="13cdc9d9-ddb5-4fa4-a97d-d965ccfc6d4b" outcome="Passed" testListId="8c84fa94-04c1-424b-9868-57a2d4851a1d" relativeResultsDirectory="54cedbc8-8665-4507-92a0-266b9f86619d">
    </UnitTestResult>
    <UnitTestResult executionId="acdb1e8f-61ff-43a6-ad7a-8a4f6c3a8f24" testId="e4dbda89-c43a-6d3b-0253-f3f6ccb78190" testName="TestToString" computerName="FSTU603021" duration="00:00:00.0004423" startTime="2015-01-06T10:00:14.4887154-05:00" endTime="2015-01-06T10:00:14.4887154-05:00" testType="13cdc9d9-ddb5-4fa4-a97d-d965ccfc6d4b" outcome="Passed" testListId="8c84fa94-04c1-424b-9868-57a2d4851a1d" relativeResultsDirectory="acdb1e8f-61ff-43a6-ad7a-8a4f6c3a8f24">
    </UnitTestResult>
  </Results>
</TestRun>